../Drivers/CMSIS/Include/core_cm4.h:2064:26:ITM_SendChar	16	static,ignoring_inline_asm
../Core/Src/main.c:66:6:ADC_Select_CH0	24	static
../Core/Src/main.c:79:6:ADC_Select_CH4	24	static
../Core/Src/main.c:92:6:ADC_Select_CH8	24	static
../Core/Src/main.c:110:5:main	56	static
../Core/Src/main.c:198:6:SystemClock_Config	88	static
../Core/Src/main.c:245:13:MX_ADC1_Init	24	static
../Core/Src/main.c:317:13:MX_TIM2_Init	64	static
../Core/Src/main.c:376:13:MX_USART2_UART_Init	8	static
../Core/Src/main.c:409:13:MX_GPIO_Init	48	static
../Core/Src/main.c:464:5:_write	32	static
../Core/Src/main.c:481:6:Error_Handler	4	static,ignoring_inline_asm
