../Drivers/CMSIS/Include/core_cm4.h:2064:26:ITM_SendChar	16	static,ignoring_inline_asm
../Core/Src/main.c:69:5:readFSR	32	static
../Core/Src/main.c:82:5:readTMP	32	static
../Core/Src/main.c:95:5:readLIGHT	32	static
../Core/Src/main.c:108:6:turn_on_buzzer	32	static
../Core/Src/main.c:121:6:turn_off_buzzer	16	static
../Core/Src/main.c:135:5:main	184	static
../Core/Src/main.c:287:6:SystemClock_Config	88	static
../Core/Src/main.c:331:13:MX_ADC1_Init	24	static
../Core/Src/main.c:398:13:MX_TIM2_Init	64	static
../Core/Src/main.c:453:13:MX_USART2_UART_Init	8	static
../Core/Src/main.c:484:13:MX_GPIO_Init	48	static
../Core/Src/main.c:538:5:_write	32	static
../Core/Src/main.c:553:6:Error_Handler	4	static,ignoring_inline_asm
